
There are no discarded input sections

Memory Configuration

Name             Origin             Length             Attributes
FLASH            0x08000000         0x00080000         xr
SRAM             0x20000000         0x00018000         xrw
*default*        0x00000000         0xffffffff

Linker script and memory map

LOAD Output/main.o
LOAD Output/GPIO.o
LOAD Output/stm32_startup.o
                0x00000400                        __max_heap_size = 0x400
                0x00000200                        __max_stack_size = 0x200

.text           0x08000000      0x33c
 *(.isr_vector)
 .isr_vector    0x08000000      0x188 Output/stm32_startup.o
                0x08000000                vectors
 *(.text)
 .text          0x08000188       0xb0 Output/main.o
                0x08000188                main
 .text          0x08000238       0x78 Output/GPIO.o
                0x08000238                myDelay
                0x0800026c                Clock_init
                0x08000294                GPIO_init
 .text          0x080002b0       0x8c Output/stm32_startup.o
                0x080002b0                Reset_Handler
                0x08000334                HASH_RNG_IRQHandler
                0x08000334                EXTI2_IRQHandler
                0x08000334                TIM8_CC_IRQHandler
                0x08000334                DebugMon_Handler
                0x08000334                TIM1_CC_IRQHandler
                0x08000334                DMA2_Stream5_IRQHandler
                0x08000334                HardFault_Handler
                0x08000334                DMA1_Stream5_IRQHandler
                0x08000334                SysTick_Handler
                0x08000334                PVD_IRQHandler
                0x08000334                SDIO_IRQHandler
                0x08000334                TAMP_STAMP_IRQHandler
                0x08000334                PendSV_Handler
                0x08000334                NMI_Handler
                0x08000334                CAN2_RX1_IRQHandler
                0x08000334                EXTI3_IRQHandler
                0x08000334                TIM8_TRG_COM_TIM14_IRQHandler
                0x08000334                TIM1_UP_TIM10_IRQHandler
                0x08000334                TIM8_UP_TIM13_IRQHandler
                0x08000334                I2C3_ER_IRQHandler
                0x08000334                EXTI0_IRQHandler
                0x08000334                I2C2_EV_IRQHandler
                0x08000334                DMA1_Stream2_IRQHandler
                0x08000334                CAN1_RX0_IRQHandler
                0x08000334                FPU_IRQHandler
                0x08000334                OTG_HS_WKUP_IRQHandler
                0x08000334                UsageFault_Handler
                0x08000334                CAN2_SCE_IRQHandler
                0x08000334                DMA2_Stream2_IRQHandler
                0x08000334                SPI1_IRQHandler
                0x08000334                TIM6_DAC_IRQHandler
                0x08000334                TIM1_BRK_TIM9_IRQHandler
                0x08000334                DCMI_IRQHandler
                0x08000334                CAN2_RX0_IRQHandler
                0x08000334                DMA2_Stream3_IRQHandler
                0x08000334                USART6_IRQHandler
                0x08000334                USART3_IRQHandler
                0x08000334                CRYP_IRQHandler
                0x08000334                RTC_Alarm_IRQHandler
                0x08000334                CAN1_RX1_IRQHandler
                0x08000334                UART5_IRQHandler
                0x08000334                DMA2_Stream0_IRQHandler
                0x08000334                TIM4_IRQHandler
                0x08000334                I2C1_EV_IRQHandler
                0x08000334                DMA1_Stream6_IRQHandler
                0x08000334                DMA1_Stream1_IRQHandler
                0x08000334                UART4_IRQHandler
                0x08000334                TIM3_IRQHandler
                0x08000334                RCC_IRQHandler
                0x08000334                TIM8_BRK_TIM12_IRQHandler
                0x08000334                Default_Handler
                0x08000334                EXTI15_10_IRQHandler
                0x08000334                ADC_IRQHandler
                0x08000334                DMA1_Stream7_IRQHandler
                0x08000334                TIM7_IRQHandler
                0x08000334                CAN2_TX_IRQHandler
                0x08000334                TIM5_IRQHandler
                0x08000334                DMA2_Stream7_IRQHandler
                0x08000334                I2C3_EV_IRQHandler
                0x08000334                EXTI9_5_IRQHandler
                0x08000334                RTC_WKUP_IRQHandler
                0x08000334                ETH_WKUP_IRQHandler
                0x08000334                SPI2_IRQHandler
                0x08000334                OTG_HS_EP1_IN_IRQHandler
                0x08000334                MemManage_Handler
                0x08000334                DMA1_Stream0_IRQHandler
                0x08000334                CAN1_TX_IRQHandler
                0x08000334                SVC_Handler
                0x08000334                EXTI4_IRQHandler
                0x08000334                FSMC_IRQHandler
                0x08000334                ETH_IRQHandler
                0x08000334                OTG_HS_EP1_OUT_IRQHandler
                0x08000334                WWDG_IRQHandler
                0x08000334                TIM2_IRQHandler
                0x08000334                OTG_FS_WKUP_IRQHandler
                0x08000334                TIM1_TRG_COM_TIM11_IRQHandler
                0x08000334                OTG_HS_IRQHandler
                0x08000334                EXTI1_IRQHandler
                0x08000334                USART2_IRQHandler
                0x08000334                I2C2_ER_IRQHandler
                0x08000334                DMA2_Stream1_IRQHandler
                0x08000334                CAN1_SCE_IRQHandler
                0x08000334                DMA2_Stream4_IRQHandler
                0x08000334                BusFault_Handler
                0x08000334                USART1_IRQHandler
                0x08000334                OTG_FS_IRQHandler
                0x08000334                SPI3_IRQHandler
                0x08000334                DMA1_Stream4_IRQHandler
                0x08000334                I2C1_ER_IRQHandler
                0x08000334                DMA2_Stream6_IRQHandler
                0x08000334                DMA1_Stream3_IRQHandler
 *(.rodata)
                0x0800033c                        . = ALIGN (0x4)
                0x0800033c                        _etext = .

.glue_7         0x0800033c        0x0
 .glue_7        0x0800033c        0x0 linker stubs

.glue_7t        0x0800033c        0x0
 .glue_7t       0x0800033c        0x0 linker stubs

.vfp11_veneer   0x0800033c        0x0
 .vfp11_veneer  0x0800033c        0x0 linker stubs

.v4_bx          0x0800033c        0x0
 .v4_bx         0x0800033c        0x0 linker stubs

.iplt           0x0800033c        0x0
 .iplt          0x0800033c        0x0 Output/main.o

.rel.dyn        0x0800033c        0x0
 .rel.iplt      0x0800033c        0x0 Output/main.o

.data           0x20000000        0x0 load address 0x0800033c
                0x20000000                        _sdata = .
 *(.data)
 .data          0x20000000        0x0 Output/main.o
 .data          0x20000000        0x0 Output/GPIO.o
 .data          0x20000000        0x0 Output/stm32_startup.o
                0x20000000                        . = ALIGN (0x4)
                0x20000000                        _edata = .

.igot.plt       0x20000000        0x0 load address 0x0800033c
 .igot.plt      0x20000000        0x0 Output/main.o

.bss            0x20000000        0x0 load address 0x0800033c
                0x20000000                        _sbss = .
 *(.bss)
 .bss           0x20000000        0x0 Output/main.o
 .bss           0x20000000        0x0 Output/GPIO.o
 .bss           0x20000000        0x0 Output/stm32_startup.o
 *(COMMON)
                0x20000000                        . = ALIGN (0x4)
                0x20000000                        _ebss = .
OUTPUT(Output/GPIO.elf elf32-littlearm)
LOAD linker stubs

.comment        0x00000000       0x45
 .comment       0x00000000       0x45 Output/main.o
                                 0x46 (size before relaxing)
 .comment       0x00000045       0x46 Output/GPIO.o
 .comment       0x00000045       0x46 Output/stm32_startup.o

.ARM.attributes
                0x00000000       0x2d
 .ARM.attributes
                0x00000000       0x2d Output/main.o
 .ARM.attributes
                0x0000002d       0x2d Output/GPIO.o
 .ARM.attributes
                0x0000005a       0x2d Output/stm32_startup.o
