
There are no discarded input sections

Memory Configuration

Name             Origin             Length             Attributes
FLASH            0x08000000         0x00080000         xr
SRAM             0x20000000         0x00018000         xrw
*default*        0x00000000         0xffffffff

Linker script and memory map

LOAD Output/main.o
LOAD Output/GPIO.o
LOAD Output/stm32_startup.o
                0x00000400                        __max_heap_size = 0x400
                0x00000200                        __max_stack_size = 0x200

.text           0x08000000      0x2c0
 *(.isr_vector)
 .isr_vector    0x08000000      0x188 Output/stm32_startup.o
                0x08000000                vectors
 *(.text)
 .text          0x08000188       0x28 Output/main.o
                0x08000188                main
 .text          0x080001b0       0x84 Output/GPIO.o
                0x080001b0                myDelay
                0x080001e4                Clock_init
                0x0800020c                GPIO_init
 .text          0x08000234       0x8c Output/stm32_startup.o
                0x08000234                Reset_Handler
                0x080002b8                HASH_RNG_IRQHandler
                0x080002b8                EXTI2_IRQHandler
                0x080002b8                TIM8_CC_IRQHandler
                0x080002b8                DebugMon_Handler
                0x080002b8                TIM1_CC_IRQHandler
                0x080002b8                DMA2_Stream5_IRQHandler
                0x080002b8                HardFault_Handler
                0x080002b8                DMA1_Stream5_IRQHandler
                0x080002b8                SysTick_Handler
                0x080002b8                PVD_IRQHandler
                0x080002b8                SDIO_IRQHandler
                0x080002b8                TAMP_STAMP_IRQHandler
                0x080002b8                PendSV_Handler
                0x080002b8                NMI_Handler
                0x080002b8                CAN2_RX1_IRQHandler
                0x080002b8                EXTI3_IRQHandler
                0x080002b8                TIM8_TRG_COM_TIM14_IRQHandler
                0x080002b8                TIM1_UP_TIM10_IRQHandler
                0x080002b8                TIM8_UP_TIM13_IRQHandler
                0x080002b8                I2C3_ER_IRQHandler
                0x080002b8                EXTI0_IRQHandler
                0x080002b8                I2C2_EV_IRQHandler
                0x080002b8                DMA1_Stream2_IRQHandler
                0x080002b8                CAN1_RX0_IRQHandler
                0x080002b8                FPU_IRQHandler
                0x080002b8                OTG_HS_WKUP_IRQHandler
                0x080002b8                UsageFault_Handler
                0x080002b8                CAN2_SCE_IRQHandler
                0x080002b8                DMA2_Stream2_IRQHandler
                0x080002b8                SPI1_IRQHandler
                0x080002b8                TIM6_DAC_IRQHandler
                0x080002b8                TIM1_BRK_TIM9_IRQHandler
                0x080002b8                DCMI_IRQHandler
                0x080002b8                CAN2_RX0_IRQHandler
                0x080002b8                DMA2_Stream3_IRQHandler
                0x080002b8                USART6_IRQHandler
                0x080002b8                USART3_IRQHandler
                0x080002b8                CRYP_IRQHandler
                0x080002b8                RTC_Alarm_IRQHandler
                0x080002b8                CAN1_RX1_IRQHandler
                0x080002b8                UART5_IRQHandler
                0x080002b8                DMA2_Stream0_IRQHandler
                0x080002b8                TIM4_IRQHandler
                0x080002b8                I2C1_EV_IRQHandler
                0x080002b8                DMA1_Stream6_IRQHandler
                0x080002b8                DMA1_Stream1_IRQHandler
                0x080002b8                UART4_IRQHandler
                0x080002b8                TIM3_IRQHandler
                0x080002b8                RCC_IRQHandler
                0x080002b8                TIM8_BRK_TIM12_IRQHandler
                0x080002b8                Default_Handler
                0x080002b8                EXTI15_10_IRQHandler
                0x080002b8                ADC_IRQHandler
                0x080002b8                DMA1_Stream7_IRQHandler
                0x080002b8                TIM7_IRQHandler
                0x080002b8                CAN2_TX_IRQHandler
                0x080002b8                TIM5_IRQHandler
                0x080002b8                DMA2_Stream7_IRQHandler
                0x080002b8                I2C3_EV_IRQHandler
                0x080002b8                EXTI9_5_IRQHandler
                0x080002b8                RTC_WKUP_IRQHandler
                0x080002b8                ETH_WKUP_IRQHandler
                0x080002b8                SPI2_IRQHandler
                0x080002b8                OTG_HS_EP1_IN_IRQHandler
                0x080002b8                MemManage_Handler
                0x080002b8                DMA1_Stream0_IRQHandler
                0x080002b8                CAN1_TX_IRQHandler
                0x080002b8                SVC_Handler
                0x080002b8                EXTI4_IRQHandler
                0x080002b8                FSMC_IRQHandler
                0x080002b8                ETH_IRQHandler
                0x080002b8                OTG_HS_EP1_OUT_IRQHandler
                0x080002b8                WWDG_IRQHandler
                0x080002b8                TIM2_IRQHandler
                0x080002b8                OTG_FS_WKUP_IRQHandler
                0x080002b8                TIM1_TRG_COM_TIM11_IRQHandler
                0x080002b8                OTG_HS_IRQHandler
                0x080002b8                EXTI1_IRQHandler
                0x080002b8                USART2_IRQHandler
                0x080002b8                I2C2_ER_IRQHandler
                0x080002b8                DMA2_Stream1_IRQHandler
                0x080002b8                CAN1_SCE_IRQHandler
                0x080002b8                DMA2_Stream4_IRQHandler
                0x080002b8                BusFault_Handler
                0x080002b8                USART1_IRQHandler
                0x080002b8                OTG_FS_IRQHandler
                0x080002b8                SPI3_IRQHandler
                0x080002b8                DMA1_Stream4_IRQHandler
                0x080002b8                I2C1_ER_IRQHandler
                0x080002b8                DMA2_Stream6_IRQHandler
                0x080002b8                DMA1_Stream3_IRQHandler
 *(.rodata)
                0x080002c0                        . = ALIGN (0x4)
                0x080002c0                        _etext = .

.glue_7         0x080002c0        0x0
 .glue_7        0x080002c0        0x0 linker stubs

.glue_7t        0x080002c0        0x0
 .glue_7t       0x080002c0        0x0 linker stubs

.vfp11_veneer   0x080002c0        0x0
 .vfp11_veneer  0x080002c0        0x0 linker stubs

.v4_bx          0x080002c0        0x0
 .v4_bx         0x080002c0        0x0 linker stubs

.iplt           0x080002c0        0x0
 .iplt          0x080002c0        0x0 Output/main.o

.rel.dyn        0x080002c0        0x0
 .rel.iplt      0x080002c0        0x0 Output/main.o

.data           0x20000000        0x0 load address 0x080002c0
                0x20000000                        _sdata = .
 *(.data)
 .data          0x20000000        0x0 Output/main.o
 .data          0x20000000        0x0 Output/GPIO.o
 .data          0x20000000        0x0 Output/stm32_startup.o
                0x20000000                        . = ALIGN (0x4)
                0x20000000                        _edata = .

.igot.plt       0x20000000        0x0 load address 0x080002c0
 .igot.plt      0x20000000        0x0 Output/main.o

.bss            0x20000000        0x0 load address 0x080002c0
                0x20000000                        _sbss = .
 *(.bss)
 .bss           0x20000000        0x0 Output/main.o
 .bss           0x20000000        0x0 Output/GPIO.o
 .bss           0x20000000        0x0 Output/stm32_startup.o
 *(COMMON)
                0x20000000                        . = ALIGN (0x4)
                0x20000000                        _ebss = .
OUTPUT(Output/GPIO.elf elf32-littlearm)
LOAD linker stubs

.comment        0x00000000       0x45
 .comment       0x00000000       0x45 Output/main.o
                                 0x46 (size before relaxing)
 .comment       0x00000045       0x46 Output/GPIO.o
 .comment       0x00000045       0x46 Output/stm32_startup.o

.ARM.attributes
                0x00000000       0x2d
 .ARM.attributes
                0x00000000       0x2d Output/main.o
 .ARM.attributes
                0x0000002d       0x2d Output/GPIO.o
 .ARM.attributes
                0x0000005a       0x2d Output/stm32_startup.o
